MPLINK 4.48, Linker
Linker Map File - Created Mon Mar 02 10:21:01 2015

                                 Section Info
                  Section       Type    Address   Location Size(Bytes)
                ---------  ---------  ---------  ---------  ---------
                   .org_0       code   0x000000    program   0x000004
                   .org_1       code   0x000008    program   0x000004
                   .org_2       code   0x000018    program   0x000004
             RESET_VECTOR       code   0x002000    program   0x000004
            HI_INT_VECTOR       code   0x002008    program   0x000004
           LOW_INT_VECTOR       code   0x002018    program   0x000004
                   .cinit    romdata   0x00202a    program   0x000002
                    .code       code   0x00202c    program   0x0000fa
               .udata_acs      udata   0x000000       data   0x000001
                   .stack      udata   0x000200       data   0x000100
                   .udata      udata   0x000300       data   0x00000c



                              Program Memory Usage 
                               Start         End      
                           ---------   ---------      
                            0x000000    0x000003      
                            0x000008    0x00000b      
                            0x000018    0x00001b      
                            0x002000    0x002003      
                            0x002008    0x00200b      
                            0x002018    0x00201b      
                            0x00202a    0x002125      
            276 out of 33048 program addresses used, program memory utilization is 0%



                              Symbols - Sorted by Name
                     Name    Address   Location    Storage File                     
                ---------  ---------  ---------  --------- ---------                
                    Delay   0x0020d2    program     static C:\Users\haroen.viaene\Documents\mplab\2\number\subroutine.asm
                   Delay1   0x0020c0    program     static C:\Users\haroen.viaene\Documents\mplab\2\number\subroutine.asm
                   Delay2   0x0020c4    program     static C:\Users\haroen.viaene\Documents\mplab\2\number\subroutine.asm
               DelayExtra   0x0020d6    program     static C:\Users\haroen.viaene\Documents\mplab\2\number\subroutine.asm
               DelayInner   0x0020de    program     static C:\Users\haroen.viaene\Documents\mplab\2\number\subroutine.asm
                 DelayLCD   0x0020bc    program     static C:\Users\haroen.viaene\Documents\mplab\2\number\subroutine.asm
                DelayLang   0x00205c    program     static C:\Users\haroen.viaene\Documents\mplab\2\number\templateDwengo.asm
               DelayOuter   0x0020da    program     static C:\Users\haroen.viaene\Documents\mplab\2\number\subroutine.asm
                    Epuls   0x0020ae    program     static C:\Users\haroen.viaene\Documents\mplab\2\number\subroutine.asm
                  HighInt   0x00202c    program     static C:\Users\haroen.viaene\Documents\mplab\2\number\templateDwengo.asm
                   LowInt   0x00202e    program     static C:\Users\haroen.viaene\Documents\mplab\2\number\templateDwengo.asm
                     Main   0x002048    program     static C:\Users\haroen.viaene\Documents\mplab\2\number\templateDwengo.asm
                  deling1   0x0020f8    program     static C:\Users\haroen.viaene\Documents\mplab\2\number\subroutine.asm
                  deling2   0x00210e    program     static C:\Users\haroen.viaene\Documents\mplab\2\number\subroutine.asm
                      lus   0x0020ac    program     static C:\Users\haroen.viaene\Documents\mplab\2\number\templateDwengo.asm
               lusdeling1   0x0020fa    program     static C:\Users\haroen.viaene\Documents\mplab\2\number\subroutine.asm
               lusdeling2   0x002110    program     static C:\Users\haroen.viaene\Documents\mplab\2\number\subroutine.asm
        omzettingDecimaal   0x0020f2    program     static C:\Users\haroen.viaene\Documents\mplab\2\number\subroutine.asm
                 BSR_TEMP   0x000302       data     static C:\Users\haroen.viaene\Documents\mplab\2\number\templateDwengo.asm
                    DVAR1   0x000303       data     static C:\Users\haroen.viaene\Documents\mplab\2\number\templateDwengo.asm
                    DVAR2   0x000304       data     static C:\Users\haroen.viaene\Documents\mplab\2\number\templateDwengo.asm
                    DVAR3   0x000305       data     static C:\Users\haroen.viaene\Documents\mplab\2\number\templateDwengo.asm
                  EXAMPLE   0x000000       data     static C:\Users\haroen.viaene\Documents\mplab\2\number\templateDwengo.asm
              STATUS_TEMP   0x000301       data     static C:\Users\haroen.viaene\Documents\mplab\2\number\templateDwengo.asm
                WREG_TEMP   0x000300       data     static C:\Users\haroen.viaene\Documents\mplab\2\number\templateDwengo.asm
                  deeltal   0x000309       data     static C:\Users\haroen.viaene\Documents\mplab\2\number\templateDwengo.asm
                  eenheid   0x000308       data     static C:\Users\haroen.viaene\Documents\mplab\2\number\templateDwengo.asm
               honderdtal   0x000306       data     static C:\Users\haroen.viaene\Documents\mplab\2\number\templateDwengo.asm
                 quotient   0x00030a       data     static C:\Users\haroen.viaene\Documents\mplab\2\number\templateDwengo.asm
                  tiental   0x000307       data     static C:\Users\haroen.viaene\Documents\mplab\2\number\templateDwengo.asm
                voorbeeld   0x00030b       data     static C:\Users\haroen.viaene\Documents\mplab\2\number\templateDwengo.asm



                              Symbols - Sorted by Address
                     Name    Address   Location    Storage File                     
                ---------  ---------  ---------  --------- ---------                
                  HighInt   0x00202c    program     static C:\Users\haroen.viaene\Documents\mplab\2\number\templateDwengo.asm
                   LowInt   0x00202e    program     static C:\Users\haroen.viaene\Documents\mplab\2\number\templateDwengo.asm
                     Main   0x002048    program     static C:\Users\haroen.viaene\Documents\mplab\2\number\templateDwengo.asm
                DelayLang   0x00205c    program     static C:\Users\haroen.viaene\Documents\mplab\2\number\templateDwengo.asm
                      lus   0x0020ac    program     static C:\Users\haroen.viaene\Documents\mplab\2\number\templateDwengo.asm
                    Epuls   0x0020ae    program     static C:\Users\haroen.viaene\Documents\mplab\2\number\subroutine.asm
                 DelayLCD   0x0020bc    program     static C:\Users\haroen.viaene\Documents\mplab\2\number\subroutine.asm
                   Delay1   0x0020c0    program     static C:\Users\haroen.viaene\Documents\mplab\2\number\subroutine.asm
                   Delay2   0x0020c4    program     static C:\Users\haroen.viaene\Documents\mplab\2\number\subroutine.asm
                    Delay   0x0020d2    program     static C:\Users\haroen.viaene\Documents\mplab\2\number\subroutine.asm
               DelayExtra   0x0020d6    program     static C:\Users\haroen.viaene\Documents\mplab\2\number\subroutine.asm
               DelayOuter   0x0020da    program     static C:\Users\haroen.viaene\Documents\mplab\2\number\subroutine.asm
               DelayInner   0x0020de    program     static C:\Users\haroen.viaene\Documents\mplab\2\number\subroutine.asm
        omzettingDecimaal   0x0020f2    program     static C:\Users\haroen.viaene\Documents\mplab\2\number\subroutine.asm
                  deling1   0x0020f8    program     static C:\Users\haroen.viaene\Documents\mplab\2\number\subroutine.asm
               lusdeling1   0x0020fa    program     static C:\Users\haroen.viaene\Documents\mplab\2\number\subroutine.asm
                  deling2   0x00210e    program     static C:\Users\haroen.viaene\Documents\mplab\2\number\subroutine.asm
               lusdeling2   0x002110    program     static C:\Users\haroen.viaene\Documents\mplab\2\number\subroutine.asm
                  EXAMPLE   0x000000       data     static C:\Users\haroen.viaene\Documents\mplab\2\number\templateDwengo.asm
                WREG_TEMP   0x000300       data     static C:\Users\haroen.viaene\Documents\mplab\2\number\templateDwengo.asm
              STATUS_TEMP   0x000301       data     static C:\Users\haroen.viaene\Documents\mplab\2\number\templateDwengo.asm
                 BSR_TEMP   0x000302       data     static C:\Users\haroen.viaene\Documents\mplab\2\number\templateDwengo.asm
                    DVAR1   0x000303       data     static C:\Users\haroen.viaene\Documents\mplab\2\number\templateDwengo.asm
                    DVAR2   0x000304       data     static C:\Users\haroen.viaene\Documents\mplab\2\number\templateDwengo.asm
                    DVAR3   0x000305       data     static C:\Users\haroen.viaene\Documents\mplab\2\number\templateDwengo.asm
               honderdtal   0x000306       data     static C:\Users\haroen.viaene\Documents\mplab\2\number\templateDwengo.asm
                  tiental   0x000307       data     static C:\Users\haroen.viaene\Documents\mplab\2\number\templateDwengo.asm
                  eenheid   0x000308       data     static C:\Users\haroen.viaene\Documents\mplab\2\number\templateDwengo.asm
                  deeltal   0x000309       data     static C:\Users\haroen.viaene\Documents\mplab\2\number\templateDwengo.asm
                 quotient   0x00030a       data     static C:\Users\haroen.viaene\Documents\mplab\2\number\templateDwengo.asm
                voorbeeld   0x00030b       data     static C:\Users\haroen.viaene\Documents\mplab\2\number\templateDwengo.asm


