MPASM  5.50                         MACRO.ASM   4-20-2015  10:08:24         PAGE  1


LOC  OBJECT CODE     LINE SOURCE TEXT
  VALUE

                      00001 ; ===========
                      00002 ; MACRO's
                      00003 ; ===========
                      00004 
                      00005 
                      00006 ; INITIALISATIE LCD op Dwengo bord
                      00007 ; ================================
                      00008 LCD_Init Macro
                      00009 ; poorten instellen LCD (Dwengo)
                      00010         movlw   0Ah 
                      00011         movwf   ADCON1          ; RBE als digitale poorten
                      00012 
                      00013         clrf    TRISD           ; poort D = data LCD
                      00014         bcf             TRISC,0         ; LED verlichting LCD
                      00015 
                      00016         bcf             TRISE,0     ; RS
                      00017 ;       bcf             TRISE,1         ; RW (aan GND bij enkel schrijven)
                      00018         bcf             TRISE,2         ; E     
                      00019         
                      00020 ; achtergrondverlichting aan
                      00021         bsf             LATC,0
                      00022 
                      00023 ; wachten op stabilisatie LCD bij aanleggen voedingsspanning
                      00024         movlw   0xFF
                      00025         movwf   DVAR3
                      00026 DelayLang:
                      00027         call    DelayLCD                
                      00028         decfsz  DVAR3
                      00029         goto    DelayLang
                      00030 
                      00031 ; LCD initialiseren
                      00032         bcf             LATE,0          ; RS laag
                      00033         bcf             LATE,2          ; E laag
                      00034         
                      00035         movlw   B'00000001'     ; clear display
                      00036         movwf   LATD
                      00037         call    Epuls
                      00038 
                      00039         movlw   B'00111000'     ; interface length: byte, 2 lijnen, 5x7 dots
                      00040         movwf   LATD
                      00041         call    Epuls
                      00042 
                      00043         movlw   B'00001100'     ; display aan, geen cursor, geen blinking
                      00044         movwf   LATD
                      00045         call    Epuls
                      00046 
                      00047         movlw   B'00000110'     ; richting cursorpositie
                      00048         movwf   LATD
                      00049         call    Epuls
                      00050 
                      00051         movlw   B'00000001'     ; clear display
                      00052         movwf   LATD
                      00053         call    Epuls
MPASM  5.50                         MACRO.ASM   4-20-2015  10:08:24         PAGE  2


LOC  OBJECT CODE     LINE SOURCE TEXT
  VALUE

                      00054         
                      00055         EndM
                      00056 
                      00057 ; Adres op eerste lijn - LCD op Dwengo bord
                      00058 ; =========================================
                      00059 LCD_Lijn1 Macro
                      00060         bcf             LATE,0          ; RS laag
                      00061         bcf             LATE,2          ; E laag
                      00062         movlw   B'10000000'     ; move cursor to display (adres 0 = 1e lijn)
                      00063         movwf   LATD
                      00064         call    Epuls
                      00065         bsf             LATE,0          ; RS hoog
                      00066         bcf             LATE,2          ; E laag
                      00067         
                      00068         EndM
                      00069         
                      00070 ; Adres op tweede lijn - LCD op Dwengo bord
                      00071 ; =========================================
                      00072 LCD_Lijn2 Macro
                      00073         bcf             LATE,0          ; RS laag
                      00074         bcf             LATE,2          ; E laag
                      00075         movlw   B'10101000'     ; move cursor to display (adres 0x28 = 2e lijn)
                      00076         movwf   LATD
                      00077         call    Epuls
                      00078         bsf             LATE,0          ; RS hoog
                      00079         bcf             LATE,2          ; E laag
                      00080         
                      00081         EndM
                      00082 
                      00083 ; Schrijven karakter naar huidige positie - LCD op Dwengo bord
                      00084 ; ============================================================
                      00085 LCD_Char MACRO karakter
                      00086         movlw   karakter
                      00087         movwf   LATD
                      00088         call    Epuls
                      00089         
                      00090         EndM
                      00091 
                      00092 
                      00093 ; Schrijven decimaal getal naar huidige positie - LCD (max. 255)
                      00094 ; ==============================================================
                      00095 
                      00096 LCD_Getal Macro getal  
                      00097         movlw   getal
                      00098         movwf   deeltal
                      00099         call    omzettingDecimaal
                      00100 
                      00101         movff   honderdtal,WREG
                      00102         addlw   '0'
                      00103         movwf   LATD
                      00104         call    Epuls
                      00105 
                      00106         movff   tiental,WREG
MPASM  5.50                         MACRO.ASM   4-20-2015  10:08:24         PAGE  3


LOC  OBJECT CODE     LINE SOURCE TEXT
  VALUE

                      00107         addlw   '0'
                      00108         movwf   LATD
                      00109         call    Epuls
                      00110 
                      00111         movff   eenheid,WREG
                      00112         addlw   '0'
                      00113         movwf   LATD
                      00114         call    Epuls
                      00115 
                      00116         EndM
Error[129]  : Expected (END)
MPASM  5.50                         MACRO.ASM   4-20-2015  10:08:24         PAGE  4


SYMBOL TABLE
  LABEL                             VALUE 

LCD_Char                          
LCD_Getal                         
LCD_Init                          
LCD_Lijn1                         
LCD_Lijn2                         
__18F4550                         00000001
__DEBUG                           1

Errors   :     1
Warnings :     0 reported,     0 suppressed
Messages :     0 reported,     0 suppressed

