MPLINK 4.48, Linker
Linker Map File - Created Mon Mar 02 11:19:24 2015

                                 Section Info
                  Section       Type    Address   Location Size(Bytes)
                ---------  ---------  ---------  ---------  ---------
                   .org_0       code   0x000000    program   0x000004
                   .org_1       code   0x000008    program   0x000004
                   .org_2       code   0x000018    program   0x000004
             RESET_VECTOR       code   0x002000    program   0x000006
            HI_INT_VECTOR       code   0x002008    program   0x000004
           LOW_INT_VECTOR       code   0x002018    program   0x000004
                   .cinit    romdata   0x00202a    program   0x000002
                    .code       code   0x00202c    program   0x00012e
               .udata_acs      udata   0x000000       data   0x000001
                   .stack      udata   0x000200       data   0x000100
                   .udata      udata   0x000300       data   0x000010



                              Program Memory Usage 
                               Start         End      
                           ---------   ---------      
                            0x000000    0x000003      
                            0x000008    0x00000b      
                            0x000018    0x00001b      
                            0x002000    0x002005      
                            0x002008    0x00200b      
                            0x002018    0x00201b      
                            0x00202a    0x002159      
            330 out of 33048 program addresses used, program memory utilization is 0%



                              Symbols - Sorted by Name
                     Name    Address   Location    Storage File                     
                ---------  ---------  ---------  --------- ---------                
                    Delay   0x002106    program     static C:\Users\haroen.viaene\Documents\mplab\2\extra\subroutine.asm
                   Delay1   0x0020f4    program     static C:\Users\haroen.viaene\Documents\mplab\2\extra\subroutine.asm
                   Delay2   0x0020f8    program     static C:\Users\haroen.viaene\Documents\mplab\2\extra\subroutine.asm
               DelayExtra   0x00210a    program     static C:\Users\haroen.viaene\Documents\mplab\2\extra\subroutine.asm
               DelayInner   0x002112    program     static C:\Users\haroen.viaene\Documents\mplab\2\extra\subroutine.asm
                 DelayLCD   0x0020f0    program     static C:\Users\haroen.viaene\Documents\mplab\2\extra\subroutine.asm
                DelayLang   0x002062    program     static C:\Users\haroen.viaene\Documents\mplab\2\extra\extra.asm
               DelayOuter   0x00210e    program     static C:\Users\haroen.viaene\Documents\mplab\2\extra\subroutine.asm
                    Epuls   0x0020e2    program     static C:\Users\haroen.viaene\Documents\mplab\2\extra\subroutine.asm
                  HighInt   0x00202c    program     static C:\Users\haroen.viaene\Documents\mplab\2\extra\extra.asm
                   LowInt   0x00202e    program     static C:\Users\haroen.viaene\Documents\mplab\2\extra\extra.asm
                     Main   0x002048    program     static C:\Users\haroen.viaene\Documents\mplab\2\extra\extra.asm
                  deling1   0x00212c    program     static C:\Users\haroen.viaene\Documents\mplab\2\extra\subroutine.asm
                  deling2   0x002142    program     static C:\Users\haroen.viaene\Documents\mplab\2\extra\subroutine.asm
                      lus   0x0020e0    program     static C:\Users\haroen.viaene\Documents\mplab\2\extra\extra.asm
               lusdeling1   0x00212e    program     static C:\Users\haroen.viaene\Documents\mplab\2\extra\subroutine.asm
               lusdeling2   0x002144    program     static C:\Users\haroen.viaene\Documents\mplab\2\extra\subroutine.asm
        omzettingDecimaal   0x002126    program     static C:\Users\haroen.viaene\Documents\mplab\2\extra\subroutine.asm
                 BSR_TEMP   0x000302       data     static C:\Users\haroen.viaene\Documents\mplab\2\extra\extra.asm
                    DVAR1   0x000303       data     static C:\Users\haroen.viaene\Documents\mplab\2\extra\extra.asm
                    DVAR2   0x000304       data     static C:\Users\haroen.viaene\Documents\mplab\2\extra\extra.asm
                    DVAR3   0x000305       data     static C:\Users\haroen.viaene\Documents\mplab\2\extra\extra.asm
                  EXAMPLE   0x000000       data     static C:\Users\haroen.viaene\Documents\mplab\2\extra\extra.asm
              STATUS_TEMP   0x000301       data     static C:\Users\haroen.viaene\Documents\mplab\2\extra\extra.asm
                WREG_TEMP   0x000300       data     static C:\Users\haroen.viaene\Documents\mplab\2\extra\extra.asm
                  deeltal   0x000309       data     static C:\Users\haroen.viaene\Documents\mplab\2\extra\extra.asm
                  eenheid   0x000308       data     static C:\Users\haroen.viaene\Documents\mplab\2\extra\extra.asm
                   getal1   0x00030c       data     static C:\Users\haroen.viaene\Documents\mplab\2\extra\extra.asm
                   getal2   0x00030d       data     static C:\Users\haroen.viaene\Documents\mplab\2\extra\extra.asm
               honderdtal   0x000306       data     static C:\Users\haroen.viaene\Documents\mplab\2\extra\extra.asm
                 quotient   0x00030a       data     static C:\Users\haroen.viaene\Documents\mplab\2\extra\extra.asm
                      som   0x00030e       data     static C:\Users\haroen.viaene\Documents\mplab\2\extra\extra.asm
                  tiental   0x000307       data     static C:\Users\haroen.viaene\Documents\mplab\2\extra\extra.asm
                voorbeeld   0x00030b       data     static C:\Users\haroen.viaene\Documents\mplab\2\extra\extra.asm



                              Symbols - Sorted by Address
                     Name    Address   Location    Storage File                     
                ---------  ---------  ---------  --------- ---------                
                  HighInt   0x00202c    program     static C:\Users\haroen.viaene\Documents\mplab\2\extra\extra.asm
                   LowInt   0x00202e    program     static C:\Users\haroen.viaene\Documents\mplab\2\extra\extra.asm
                     Main   0x002048    program     static C:\Users\haroen.viaene\Documents\mplab\2\extra\extra.asm
                DelayLang   0x002062    program     static C:\Users\haroen.viaene\Documents\mplab\2\extra\extra.asm
                      lus   0x0020e0    program     static C:\Users\haroen.viaene\Documents\mplab\2\extra\extra.asm
                    Epuls   0x0020e2    program     static C:\Users\haroen.viaene\Documents\mplab\2\extra\subroutine.asm
                 DelayLCD   0x0020f0    program     static C:\Users\haroen.viaene\Documents\mplab\2\extra\subroutine.asm
                   Delay1   0x0020f4    program     static C:\Users\haroen.viaene\Documents\mplab\2\extra\subroutine.asm
                   Delay2   0x0020f8    program     static C:\Users\haroen.viaene\Documents\mplab\2\extra\subroutine.asm
                    Delay   0x002106    program     static C:\Users\haroen.viaene\Documents\mplab\2\extra\subroutine.asm
               DelayExtra   0x00210a    program     static C:\Users\haroen.viaene\Documents\mplab\2\extra\subroutine.asm
               DelayOuter   0x00210e    program     static C:\Users\haroen.viaene\Documents\mplab\2\extra\subroutine.asm
               DelayInner   0x002112    program     static C:\Users\haroen.viaene\Documents\mplab\2\extra\subroutine.asm
        omzettingDecimaal   0x002126    program     static C:\Users\haroen.viaene\Documents\mplab\2\extra\subroutine.asm
                  deling1   0x00212c    program     static C:\Users\haroen.viaene\Documents\mplab\2\extra\subroutine.asm
               lusdeling1   0x00212e    program     static C:\Users\haroen.viaene\Documents\mplab\2\extra\subroutine.asm
                  deling2   0x002142    program     static C:\Users\haroen.viaene\Documents\mplab\2\extra\subroutine.asm
               lusdeling2   0x002144    program     static C:\Users\haroen.viaene\Documents\mplab\2\extra\subroutine.asm
                  EXAMPLE   0x000000       data     static C:\Users\haroen.viaene\Documents\mplab\2\extra\extra.asm
                WREG_TEMP   0x000300       data     static C:\Users\haroen.viaene\Documents\mplab\2\extra\extra.asm
              STATUS_TEMP   0x000301       data     static C:\Users\haroen.viaene\Documents\mplab\2\extra\extra.asm
                 BSR_TEMP   0x000302       data     static C:\Users\haroen.viaene\Documents\mplab\2\extra\extra.asm
                    DVAR1   0x000303       data     static C:\Users\haroen.viaene\Documents\mplab\2\extra\extra.asm
                    DVAR2   0x000304       data     static C:\Users\haroen.viaene\Documents\mplab\2\extra\extra.asm
                    DVAR3   0x000305       data     static C:\Users\haroen.viaene\Documents\mplab\2\extra\extra.asm
               honderdtal   0x000306       data     static C:\Users\haroen.viaene\Documents\mplab\2\extra\extra.asm
                  tiental   0x000307       data     static C:\Users\haroen.viaene\Documents\mplab\2\extra\extra.asm
                  eenheid   0x000308       data     static C:\Users\haroen.viaene\Documents\mplab\2\extra\extra.asm
                  deeltal   0x000309       data     static C:\Users\haroen.viaene\Documents\mplab\2\extra\extra.asm
                 quotient   0x00030a       data     static C:\Users\haroen.viaene\Documents\mplab\2\extra\extra.asm
                voorbeeld   0x00030b       data     static C:\Users\haroen.viaene\Documents\mplab\2\extra\extra.asm
                   getal1   0x00030c       data     static C:\Users\haroen.viaene\Documents\mplab\2\extra\extra.asm
                   getal2   0x00030d       data     static C:\Users\haroen.viaene\Documents\mplab\2\extra\extra.asm
                      som   0x00030e       data     static C:\Users\haroen.viaene\Documents\mplab\2\extra\extra.asm


